// Jest Snapshot v1, https://goo.gl/fbAQLP

exports[`PL001655013 1`] = `true`;

exports[`PL001730050 1`] = `true`;

exports[`PL136060206 1`] = `true`;

exports[`PL201170079 1`] = `true`;

exports[`PL252980158 1`] = `true`;

exports[`Snapshot input handler 1`] = `
Object {
  "Substance": "Ibuprofen",
  "dose": "10mg",
  "name": "Ibugel gel",
  "url": "https://mhraproductsproduction.blob.core.windows.net/docs/54454db7a69e9153ab7302232cdb8ee9230579ca",
}
`;

exports[`Snapshot input handler 2`] = `
Object {
  "Substance": "Paracetamol",
  "dose": "5mg",
  "name": "Anadin Extra",
  "url": "https://mhraproductsproduction.blob.core.windows.net/docs/10c02830183326751553be62be5e2564fb47e970",
}
`;

exports[`Snapshot input handler 3`] = `
Object {
  "Substance": "Tadafil",
  "dose": "10mg",
  "name": "Tadalafil 10mg film-coated tablets",
  "url": "https://mhraproductsproduction.blob.core.windows.net/docs/a1744b861fbda647f286cc70865d30cf2673c077",
}
`;
